// Jest Snapshot v1, https://goo.gl/fbAQLP

exports[`should render admin page create 1`] = `
<div>
  <div
    className="page-header"
  >
    <div
      className="content-container"
    >
      <h1
        className="page-header__title"
      >
        Add Expense
      </h1>
    </div>
  </div>
  <div
    className="content-container"
  >
    <ExpenseForm
      history={
        Object {
          "push": [MockFunction],
        }
      }
      onSubmit={[Function]}
    />
  </div>
</div>
`;
