// Jest Snapshot v1, https://goo.gl/fbAQLP

exports[`Header snapshot Tes 1`] = `
<div>
  <h1>
    Expensify
  </h1>
  <ol>
    <li>
      <NavLink
        activeClassName="is-active"
        ariaCurrent="true"
        exact={true}
        to="/"
      >
        Home
      </NavLink>
    </li>
    <li>
      <NavLink
        activeClassName="is-active"
        ariaCurrent="true"
        to="/create"
      >
        Admin - Create
      </NavLink>
    </li>
    <li>
      <button
        onClick={[MockFunction]}
      >
        Logout
      </button>
    </li>
  </ol>
</div>
`;
